File with 10 conflicts to test navigation and resolution

Conflict 1:
Incoming 1

Conflict 2:
Incoming 2

Conflict 3:
Incoming 3

Conflict 4:
Incoming 4

Conflict 5:
Incoming 5

Conflict 6:
Incoming 6

Conflict 7:
Incoming 7

Conflict 8:
Incoming 8

Conflict 9:
Incoming 9

Conflict 10:
Incoming 10

End of file
